CREATE EXTENSION pg_fallback_utf8_to_euc_jp;
\pset null '(null)'
DROP EXTENSION pg_fallback_utf8_to_euc_jp;
